============================= test session starts =============================
platform win32 -- Python 3.11.9, pytest-7.4.4, pluggy-1.6.0 -- C:\Users\user\AppData\Local\Microsoft\WindowsApps\PythonSoftwareFoundation.Python.3.11_qbz5n2kfra8p0\python.exe
cachedir: .pytest_cache
rootdir: C:\Users\user\Desktop\lyftr assignment
plugins: anyio-4.12.1, asyncio-0.23.3
asyncio: mode=Mode.STRICT
collecting ... collected 3 items

tests/test_messages.py::test_get_messages_pagination_filtering PASSED    [ 33%]
tests/test_messages.py::test_stats PASSED                                [ 66%]
tests/test_messages.py::test_health_metrics FAILED                       [100%]

================================== FAILURES ===================================
_____________________________ test_health_metrics _____________________________

client = <httpx.AsyncClient object at 0x0000011DD3407E10>

    @pytest.mark.asyncio
    async def test_health_metrics(client):
        resp = await client.get("/health/live")
        assert resp.status_code == 200
    
        resp = await client.get("/health/ready")
>       assert resp.status_code == 200, f"Health check failed: {resp.text}"
E       AssertionError: Health check failed: {"detail":"Database unavailable"}
E       assert 503 == 200
E        +  where 503 = <Response [503 Service Unavailable]>.status_code

tests\test_messages.py:76: AssertionError
---------------------------- Captured stdout call -----------------------------
{"ts": "2026-01-28T08:51:45.683785Z", "level": "INFO", "message": "Request processed", "logger": "app", "request_id": "-", "method": "GET", "path": "/health/live", "status": 200, "latency_ms": 1.0}
{"ts": "2026-01-28T08:51:45.685781Z", "level": "INFO", "message": "HTTP Request: GET http://test/health/live \"HTTP/1.1 200 OK\"", "logger": "httpx"}
{"ts": "2026-01-28T08:51:45.689929Z", "level": "ERROR", "message": "Health check DB error: name 'text' is not defined", "logger": "app"}
{"ts": "2026-01-28T08:51:45.690767Z", "level": "INFO", "message": "Request processed", "logger": "app", "request_id": "-", "method": "GET", "path": "/health/ready", "status": 503, "latency_ms": 3.15}
{"ts": "2026-01-28T08:51:45.691761Z", "level": "INFO", "message": "HTTP Request: GET http://test/health/ready \"HTTP/1.1 503 Service Unavailable\"", "logger": "httpx"}
------------------------------ Captured log call ------------------------------
INFO     app:main.py:50 Request processed
INFO     httpx:_client.py:1758 HTTP Request: GET http://test/health/live "HTTP/1.1 200 OK"
ERROR    app:main.py:188 Health check DB error: name 'text' is not defined
INFO     app:main.py:50 Request processed
INFO     httpx:_client.py:1758 HTTP Request: GET http://test/health/ready "HTTP/1.1 503 Service Unavailable"
============================== warnings summary ===============================
app\main.py:27
  C:\Users\user\Desktop\lyftr assignment\app\main.py:27: DeprecationWarning: 
          on_event is deprecated, use lifespan event handlers instead.
  
          Read more about it in the
          [FastAPI docs for Lifespan Events](https://fastapi.tiangolo.com/advanced/events/).
          
    @app.on_event("startup")

..\..\AppData\Local\Packages\PythonSoftwareFoundation.Python.3.11_qbz5n2kfra8p0\LocalCache\local-packages\Python311\site-packages\fastapi\applications.py:4495
  C:\Users\user\AppData\Local\Packages\PythonSoftwareFoundation.Python.3.11_qbz5n2kfra8p0\LocalCache\local-packages\Python311\site-packages\fastapi\applications.py:4495: DeprecationWarning: 
          on_event is deprecated, use lifespan event handlers instead.
  
          Read more about it in the
          [FastAPI docs for Lifespan Events](https://fastapi.tiangolo.com/advanced/events/).
          
    return self.router.on_event(event_type)

tests/test_messages.py::test_get_messages_pagination_filtering
  C:\Users\user\AppData\Local\Packages\PythonSoftwareFoundation.Python.3.11_qbz5n2kfra8p0\LocalCache\local-packages\Python311\site-packages\pytest_asyncio\plugin.py:749: DeprecationWarning: The event_loop fixture provided by pytest-asyncio has been redefined in
  C:\Users\user\Desktop\lyftr assignment\tests\conftest.py:13
  Replacing the event_loop fixture with a custom implementation is deprecated
  and will lead to errors in the future.
  If you want to request an asyncio event loop with a scope other than function
  scope, use the "scope" argument to the asyncio mark when marking the tests.
  If you want to return different types of event loops, use the event_loop_policy
  fixture.
  
    warnings.warn(

-- Docs: https://docs.pytest.org/en/stable/how-to/capture-warnings.html
=========================== short test summary info ===========================
FAILED tests/test_messages.py::test_health_metrics - AssertionError: Health c...
=================== 1 failed, 2 passed, 3 warnings in 0.99s ===================
